// Jest Snapshot v1, https://goo.gl/fbAQLP

exports[`TodoList renders input and button 1`] = `
<DocumentFragment>
  <div>
    Todo App
  </div>
  <input
    data-testid="todo-input"
    placeholder="Write here..."
    type="text"
    value=""
  />
  <button
    data-testid="add-btn"
  >
    Add todo
  </button>
</DocumentFragment>
`;
